Command line invocation:
    /Applications/Xcode.app/Contents/Developer/usr/bin/xcodebuild -scheme Breezy -destination "platform=iOS Simulator,name=iPhone 17 Pro"

ComputePackagePrebuildTargetDependencyGraph

Prepare packages

CreateBuildRequest

SendProjectDescription

CreateBuildOperation

ComputeTargetDependencyGraph
note: Building targets in dependency order
note: Target dependency graph (4 targets)
    Target 'Breezy' in project 'Breezy'
        ➜ Explicit dependency on target 'BreezyWidgetExtension' in project 'Breezy'
        ➜ Explicit dependency on target 'Breezy Watch Watch App' in project 'Breezy'
    Target 'Breezy Watch Watch App' in project 'Breezy'
        ➜ Explicit dependency on target 'BreezyWatchWidgetExtensionExtension' in project 'Breezy'
    Target 'BreezyWatchWidgetExtensionExtension' in project 'Breezy' (no dependencies)
    Target 'BreezyWidgetExtension' in project 'Breezy' (no dependencies)

GatherProvisioningInputs

CreateBuildDescription

ExecuteExternalTool /Applications/Xcode.app/Contents/Developer/Toolchains/XcodeDefault.xctoolchain/usr/bin/clang -v -E -dM -isysroot /Applications/Xcode.app/Contents/Developer/Platforms/iPhoneSimulator.platform/Developer/SDKs/iPhoneSimulator26.2.sdk -x c -c /dev/null

ExecuteExternalTool /Applications/Xcode.app/Contents/Developer/usr/bin/actool --version --output-format xml1

ExecuteExternalTool /Applications/Xcode.app/Contents/Developer/usr/bin/actool --print-asset-tag-combinations --output-format xml1 /Users/olimebberson/Documents/Miscellaneous/iPhone Apps/Breezy/Breezy Watch Watch App/Assets.xcassets

ExecuteExternalTool /Applications/Xcode.app/Contents/Developer/usr/bin/actool --print-asset-tag-combinations --output-format xml1 /Users/olimebberson/Documents/Miscellaneous/iPhone Apps/Breezy/Breezy/Assets.xcassets

ExecuteExternalTool /Applications/Xcode.app/Contents/Developer/Toolchains/XcodeDefault.xctoolchain/usr/bin/swiftc --version

ExecuteExternalTool /Applications/Xcode.app/Contents/Developer/Toolchains/XcodeDefault.xctoolchain/usr/bin/clang -v -E -dM -isysroot /Applications/Xcode.app/Contents/Developer/Platforms/WatchSimulator.platform/Developer/SDKs/WatchSimulator26.2.sdk -x c -c /dev/null

ExecuteExternalTool /Applications/Xcode.app/Contents/Developer/Toolchains/XcodeDefault.xctoolchain/usr/bin/ld -version_details

Build description signature: 4c7ab6241dc0f2f2c935e953412a2c26
Build description path: /Users/olimebberson/Library/Developer/Xcode/DerivedData/Breezy-aonmjwctbybugpfmgtluemzzlkma/Build/Intermediates.noindex/XCBuildData/4c7ab6241dc0f2f2c935e953412a2c26.xcbuilddata
ClangStatCache /Applications/Xcode.app/Contents/Developer/Toolchains/XcodeDefault.xctoolchain/usr/bin/clang-stat-cache /Applications/Xcode.app/Contents/Developer/Platforms/iPhoneSimulator.platform/Developer/SDKs/iPhoneSimulator26.2.sdk /Users/olimebberson/Library/Developer/Xcode/DerivedData/SDKStatCaches.noindex/iphonesimulator26.2-23C53-7d00a8b37fbd7999ea79df8ebc024bf0.sdkstatcache
    cd /Users/olimebberson/Documents/Miscellaneous/iPhone\ Apps/Breezy/Breezy.xcodeproj
    /Applications/Xcode.app/Contents/Developer/Toolchains/XcodeDefault.xctoolchain/usr/bin/clang-stat-cache /Applications/Xcode.app/Contents/Developer/Platforms/iPhoneSimulator.platform/Developer/SDKs/iPhoneSimulator26.2.sdk -o /Users/olimebberson/Library/Developer/Xcode/DerivedData/SDKStatCaches.noindex/iphonesimulator26.2-23C53-7d00a8b37fbd7999ea79df8ebc024bf0.sdkstatcache

ClangStatCache /Applications/Xcode.app/Contents/Developer/Toolchains/XcodeDefault.xctoolchain/usr/bin/clang-stat-cache /Applications/Xcode.app/Contents/Developer/Platforms/WatchSimulator.platform/Developer/SDKs/WatchSimulator26.2.sdk /Users/olimebberson/Library/Developer/Xcode/DerivedData/SDKStatCaches.noindex/watchsimulator26.2-23S303-963ebdd26732d23a23bcca82c2045e26.sdkstatcache
    cd /Users/olimebberson/Documents/Miscellaneous/iPhone\ Apps/Breezy/Breezy.xcodeproj
    /Applications/Xcode.app/Contents/Developer/Toolchains/XcodeDefault.xctoolchain/usr/bin/clang-stat-cache /Applications/Xcode.app/Contents/Developer/Platforms/WatchSimulator.platform/Developer/SDKs/WatchSimulator26.2.sdk -o /Users/olimebberson/Library/Developer/Xcode/DerivedData/SDKStatCaches.noindex/watchsimulator26.2-23S303-963ebdd26732d23a23bcca82c2045e26.sdkstatcache

SwiftDriver Breezy normal arm64 com.apple.xcode.tools.swift.compiler (in target 'Breezy' from project 'Breezy')
    cd /Users/olimebberson/Documents/Miscellaneous/iPhone\ Apps/Breezy
    builtin-SwiftDriver -- /Applications/Xcode.app/Contents/Developer/Toolchains/XcodeDefault.xctoolchain/usr/bin/swiftc -module-name Breezy -Onone -enforce-exclusivity\=checked @/Users/olimebberson/Library/Developer/Xcode/DerivedData/Breezy-aonmjwctbybugpfmgtluemzzlkma/Build/Intermediates.noindex/Breezy.build/Debug-iphonesimulator/Breezy.build/Objects-normal/arm64/Breezy.SwiftFileList -DDEBUG -default-isolation\=MainActor -enable-bare-slash-regex -enable-upcoming-feature DisableOutwardActorInference -enable-upcoming-feature InferSendableFromCaptures -enable-upcoming-feature GlobalActorIsolatedTypesUsability -enable-upcoming-feature MemberImportVisibility -enable-upcoming-feature InferIsolatedConformances -enable-upcoming-feature NonisolatedNonsendingByDefault -enable-experimental-feature DebugDescriptionMacro -sdk /Applications/Xcode.app/Contents/Developer/Platforms/iPhoneSimulator.platform/Developer/SDKs/iPhoneSimulator26.2.sdk -target arm64-apple-ios17.0-simulator -g -module-cache-path /Users/olimebberson/Library/Developer/Xcode/DerivedData/ModuleCache.noindex -Xfrontend -serialize-debugging-options -enable-testing -index-store-path /Users/olimebberson/Library/Developer/Xcode/DerivedData/Breezy-aonmjwctbybugpfmgtluemzzlkma/Index.noindex/DataStore -Xcc -D_LIBCPP_HARDENING_MODE\=_LIBCPP_HARDENING_MODE_DEBUG -swift-version 5 -I /Users/olimebberson/Library/Developer/Xcode/DerivedData/Breezy-aonmjwctbybugpfmgtluemzzlkma/Build/Products/Debug-iphonesimulator -F /Users/olimebberson/Library/Developer/Xcode/DerivedData/Breezy-aonmjwctbybugpfmgtluemzzlkma/Build/Products/Debug-iphonesimulator -emit-localized-strings -emit-localized-strings-path /Users/olimebberson/Library/Developer/Xcode/DerivedData/Breezy-aonmjwctbybugpfmgtluemzzlkma/Build/Intermediates.noindex/Breezy.build/Debug-iphonesimulator/Breezy.build/Objects-normal/arm64 -c -j10 -enable-batch-mode -incremental -Xcc -ivfsstatcache -Xcc /Users/olimebberson/Library/Developer/Xcode/DerivedData/SDKStatCaches.noindex/iphonesimulator26.2-23C53-7d00a8b37fbd7999ea79df8ebc024bf0.sdkstatcache -output-file-map /Users/olimebberson/Library/Developer/Xcode/DerivedData/Breezy-aonmjwctbybugpfmgtluemzzlkma/Build/Intermediates.noindex/Breezy.build/Debug-iphonesimulator/Breezy.build/Objects-normal/arm64/Breezy-OutputFileMap.json -use-frontend-parseable-output -save-temps -no-color-diagnostics -explicit-module-build -module-cache-path /Users/olimebberson/Library/Developer/Xcode/DerivedData/Breezy-aonmjwctbybugpfmgtluemzzlkma/Build/Intermediates.noindex/SwiftExplicitPrecompiledModules -clang-scanner-module-cache-path /Users/olimebberson/Library/Developer/Xcode/DerivedData/ModuleCache.noindex -sdk-module-cache-path /Users/olimebberson/Library/Developer/Xcode/DerivedData/ModuleCache.noindex -serialize-diagnostics -emit-dependencies -emit-module -emit-module-path /Users/olimebberson/Library/Developer/Xcode/DerivedData/Breezy-aonmjwctbybugpfmgtluemzzlkma/Build/Intermediates.noindex/Breezy.build/Debug-iphonesimulator/Breezy.build/Objects-normal/arm64/Breezy.swiftmodule -validate-clang-modules-once -clang-build-session-file /Users/olimebberson/Library/Developer/Xcode/DerivedData/ModuleCache.noindex/Session.modulevalidation -Xcc -I/Users/olimebberson/Library/Developer/Xcode/DerivedData/Breezy-aonmjwctbybugpfmgtluemzzlkma/Build/Intermediates.noindex/Breezy.build/Debug-iphonesimulator/Breezy.build/swift-overrides.hmap -emit-const-values -Xfrontend -const-gather-protocols-file -Xfrontend /Users/olimebberson/Library/Developer/Xcode/DerivedData/Breezy-aonmjwctbybugpfmgtluemzzlkma/Build/Intermediates.noindex/Breezy.build/Debug-iphonesimulator/Breezy.build/Objects-normal/arm64/Breezy_const_extract_protocols.json -Xcc -iquote -Xcc /Users/olimebberson/Library/Developer/Xcode/DerivedData/Breezy-aonmjwctbybugpfmgtluemzzlkma/Build/Intermediates.noindex/Breezy.build/Debug-iphonesimulator/Breezy.build/Breezy-generated-files.hmap -Xcc -I/Users/olimebberson/Library/Developer/Xcode/DerivedData/Breezy-aonmjwctbybugpfmgtluemzzlkma/Build/Intermediates.noindex/Breezy.build/Debug-iphonesimulator/Breezy.build/Breezy-own-target-headers.hmap -Xcc -I/Users/olimebberson/Library/Developer/Xcode/DerivedData/Breezy-aonmjwctbybugpfmgtluemzzlkma/Build/Intermediates.noindex/Breezy.build/Debug-iphonesimulator/Breezy.build/Breezy-all-target-headers.hmap -Xcc -iquote -Xcc /Users/olimebberson/Library/Developer/Xcode/DerivedData/Breezy-aonmjwctbybugpfmgtluemzzlkma/Build/Intermediates.noindex/Breezy.build/Debug-iphonesimulator/Breezy.build/Breezy-project-headers.hmap -Xcc -I/Users/olimebberson/Library/Developer/Xcode/DerivedData/Breezy-aonmjwctbybugpfmgtluemzzlkma/Build/Products/Debug-iphonesimulator/include -Xcc -I/Users/olimebberson/Library/Developer/Xcode/DerivedData/Breezy-aonmjwctbybugpfmgtluemzzlkma/Build/Intermediates.noindex/Breezy.build/Debug-iphonesimulator/Breezy.build/DerivedSources-normal/arm64 -Xcc -I/Users/olimebberson/Library/Developer/Xcode/DerivedData/Breezy-aonmjwctbybugpfmgtluemzzlkma/Build/Intermediates.noindex/Breezy.build/Debug-iphonesimulator/Breezy.build/DerivedSources/arm64 -Xcc -I/Users/olimebberson/Library/Developer/Xcode/DerivedData/Breezy-aonmjwctbybugpfmgtluemzzlkma/Build/Intermediates.noindex/Breezy.build/Debug-iphonesimulator/Breezy.build/DerivedSources -Xcc -DDEBUG\=1 -emit-objc-header -emit-objc-header-path /Users/olimebberson/Library/Developer/Xcode/DerivedData/Breezy-aonmjwctbybugpfmgtluemzzlkma/Build/Intermediates.noindex/Breezy.build/Debug-iphonesimulator/Breezy.build/Objects-normal/arm64/Breezy-Swift.h -working-directory /Users/olimebberson/Documents/Miscellaneous/iPhone\ Apps/Breezy -experimental-emit-module-separately -disable-cmo

ProcessInfoPlistFile /Users/olimebberson/Library/Developer/Xcode/DerivedData/Breezy-aonmjwctbybugpfmgtluemzzlkma/Build/Products/Debug-iphonesimulator/BreezyWidgetExtension.appex/Info.plist /Users/olimebberson/Documents/Miscellaneous/iPhone\ Apps/Breezy/BreezyWidget/Info.plist (in target 'BreezyWidgetExtension' from project 'Breezy')
    cd /Users/olimebberson/Documents/Miscellaneous/iPhone\ Apps/Breezy
    builtin-infoPlistUtility /Users/olimebberson/Documents/Miscellaneous/iPhone\ Apps/Breezy/BreezyWidget/Info.plist -producttype com.apple.product-type.app-extension -expandbuildsettings -format binary -platform iphonesimulator -additionalcontentfile /Users/olimebberson/Library/Developer/Xcode/DerivedData/Breezy-aonmjwctbybugpfmgtluemzzlkma/Build/Intermediates.noindex/Breezy.build/Debug-iphonesimulator/BreezyWidgetExtension.build/assetcatalog_generated_info.plist -o /Users/olimebberson/Library/Developer/Xcode/DerivedData/Breezy-aonmjwctbybugpfmgtluemzzlkma/Build/Products/Debug-iphonesimulator/BreezyWidgetExtension.appex/Info.plist

ProcessInfoPlistFile /Users/olimebberson/Library/Developer/Xcode/DerivedData/Breezy-aonmjwctbybugpfmgtluemzzlkma/Build/Products/Debug-watchsimulator/BreezyWatchWidgetExtensionExtension.appex/Info.plist /Users/olimebberson/Documents/Miscellaneous/iPhone\ Apps/Breezy/BreezyWatchWidgetExtension/Info.plist (in target 'BreezyWatchWidgetExtensionExtension' from project 'Breezy')
    cd /Users/olimebberson/Documents/Miscellaneous/iPhone\ Apps/Breezy
    builtin-infoPlistUtility /Users/olimebberson/Documents/Miscellaneous/iPhone\ Apps/Breezy/BreezyWatchWidgetExtension/Info.plist -producttype com.apple.product-type.app-extension -expandbuildsettings -format binary -platform watchsimulator -additionalcontentfile /Users/olimebberson/Library/Developer/Xcode/DerivedData/Breezy-aonmjwctbybugpfmgtluemzzlkma/Build/Intermediates.noindex/Breezy.build/Debug-watchsimulator/BreezyWatchWidgetExtensionExtension.build/assetcatalog_generated_info.plist -o /Users/olimebberson/Library/Developer/Xcode/DerivedData/Breezy-aonmjwctbybugpfmgtluemzzlkma/Build/Products/Debug-watchsimulator/BreezyWatchWidgetExtensionExtension.appex/Info.plist

ProcessInfoPlistFile /Users/olimebberson/Library/Developer/Xcode/DerivedData/Breezy-aonmjwctbybugpfmgtluemzzlkma/Build/Products/Debug-watchsimulator/Breezy\ Watch\ Watch\ App.app/Info.plist /Users/olimebberson/Library/Developer/Xcode/DerivedData/Breezy-aonmjwctbybugpfmgtluemzzlkma/Build/Intermediates.noindex/Breezy.build/Debug-watchsimulator/Breezy\ Watch\ Watch\ App.build/empty-Breezy\ Watch\ Watch\ App.plist (in target 'Breezy Watch Watch App' from project 'Breezy')
    cd /Users/olimebberson/Documents/Miscellaneous/iPhone\ Apps/Breezy
    builtin-infoPlistUtility /Users/olimebberson/Library/Developer/Xcode/DerivedData/Breezy-aonmjwctbybugpfmgtluemzzlkma/Build/Intermediates.noindex/Breezy.build/Debug-watchsimulator/Breezy\ Watch\ Watch\ App.build/empty-Breezy\ Watch\ Watch\ App.plist -producttype com.apple.product-type.application -genpkginfo /Users/olimebberson/Library/Developer/Xcode/DerivedData/Breezy-aonmjwctbybugpfmgtluemzzlkma/Build/Products/Debug-watchsimulator/Breezy\ Watch\ Watch\ App.app/PkgInfo -expandbuildsettings -format binary -platform watchsimulator -additionalcontentfile /Users/olimebberson/Library/Developer/Xcode/DerivedData/Breezy-aonmjwctbybugpfmgtluemzzlkma/Build/Intermediates.noindex/Breezy.build/Debug-watchsimulator/Breezy\ Watch\ Watch\ App.build/assetcatalog_generated_info.plist -scanforprivacyfile /Users/olimebberson/Library/Developer/Xcode/DerivedData/Breezy-aonmjwctbybugpfmgtluemzzlkma/Build/Products/Debug-watchsimulator/Breezy\ Watch\ Watch\ App.app/PlugIns/BreezyWatchWidgetExtensionExtension.appex -o /Users/olimebberson/Library/Developer/Xcode/DerivedData/Breezy-aonmjwctbybugpfmgtluemzzlkma/Build/Products/Debug-watchsimulator/Breezy\ Watch\ Watch\ App.app/Info.plist

CopySwiftLibs /Users/olimebberson/Library/Developer/Xcode/DerivedData/Breezy-aonmjwctbybugpfmgtluemzzlkma/Build/Products/Debug-watchsimulator/Breezy\ Watch\ Watch\ App.app (in target 'Breezy Watch Watch App' from project 'Breezy')
    cd /Users/olimebberson/Documents/Miscellaneous/iPhone\ Apps/Breezy
    builtin-swiftStdLibTool --copy --verbose --sign - --scan-executable /Users/olimebberson/Library/Developer/Xcode/DerivedData/Breezy-aonmjwctbybugpfmgtluemzzlkma/Build/Products/Debug-watchsimulator/Breezy\ Watch\ Watch\ App.app/Breezy\ Watch\ Watch\ App.debug.dylib --scan-folder /Users/olimebberson/Library/Developer/Xcode/DerivedData/Breezy-aonmjwctbybugpfmgtluemzzlkma/Build/Products/Debug-watchsimulator/Breezy\ Watch\ Watch\ App.app/Frameworks --scan-folder /Users/olimebberson/Library/Developer/Xcode/DerivedData/Breezy-aonmjwctbybugpfmgtluemzzlkma/Build/Products/Debug-watchsimulator/Breezy\ Watch\ Watch\ App.app/PlugIns --scan-folder /Users/olimebberson/Library/Developer/Xcode/DerivedData/Breezy-aonmjwctbybugpfmgtluemzzlkma/Build/Products/Debug-watchsimulator/Breezy\ Watch\ Watch\ App.app/SystemExtensions --scan-folder /Users/olimebberson/Library/Developer/Xcode/DerivedData/Breezy-aonmjwctbybugpfmgtluemzzlkma/Build/Products/Debug-watchsimulator/Breezy\ Watch\ Watch\ App.app/Extensions --platform watchsimulator --toolchain /Applications/Xcode.app/Contents/Developer/Toolchains/XcodeDefault.xctoolchain --destination /Users/olimebberson/Library/Developer/Xcode/DerivedData/Breezy-aonmjwctbybugpfmgtluemzzlkma/Build/Products/Debug-watchsimulator/Breezy\ Watch\ Watch\ App.app/Frameworks --strip-bitcode --strip-bitcode-tool /Applications/Xcode.app/Contents/Developer/Toolchains/XcodeDefault.xctoolchain/usr/bin/bitcode_strip --emit-dependency-info /Users/olimebberson/Library/Developer/Xcode/DerivedData/Breezy-aonmjwctbybugpfmgtluemzzlkma/Build/Intermediates.noindex/Breezy.build/Debug-watchsimulator/Breezy\ Watch\ Watch\ App.build/SwiftStdLibToolInputDependencies.dep --filter-for-swift-os --back-deploy-swift-span

SwiftEmitModule normal arm64 Emitting\ module\ for\ Breezy (in target 'Breezy' from project 'Breezy')

EmitSwiftModule normal arm64 (in target 'Breezy' from project 'Breezy')
    cd /Users/olimebberson/Documents/Miscellaneous/iPhone\ Apps/Breezy
    

SwiftCompile normal arm64 Compiling\ SunPathView.swift /Users/olimebberson/Documents/Miscellaneous/iPhone\ Apps/Breezy/Breezy/Views/Charts/SunPathView.swift (in target 'Breezy' from project 'Breezy')

SwiftCompile normal arm64 /Users/olimebberson/Documents/Miscellaneous/iPhone\ Apps/Breezy/Breezy/Views/Charts/SunPathView.swift (in target 'Breezy' from project 'Breezy')
    cd /Users/olimebberson/Documents/Miscellaneous/iPhone\ Apps/Breezy
    

SwiftCompile normal arm64 Compiling\ DailyForecastDetailView.swift /Users/olimebberson/Documents/Miscellaneous/iPhone\ Apps/Breezy/Breezy/Views/DailyForecastDetailView.swift (in target 'Breezy' from project 'Breezy')
SwiftCompile normal arm64 /Users/olimebberson/Documents/Miscellaneous/iPhone\ Apps/Breezy/Breezy/Views/DailyForecastDetailView.swift (in target 'Breezy' from project 'Breezy')
    cd /Users/olimebberson/Documents/Miscellaneous/iPhone\ Apps/Breezy
    

SwiftCompile normal arm64 Compiling\ GeneratedAssetSymbols.swift /Users/olimebberson/Library/Developer/Xcode/DerivedData/Breezy-aonmjwctbybugpfmgtluemzzlkma/Build/Intermediates.noindex/Breezy.build/Debug-iphonesimulator/Breezy.build/DerivedSources/GeneratedAssetSymbols.swift (in target 'Breezy' from project 'Breezy')

SwiftCompile normal arm64 /Users/olimebberson/Library/Developer/Xcode/DerivedData/Breezy-aonmjwctbybugpfmgtluemzzlkma/Build/Intermediates.noindex/Breezy.build/Debug-iphonesimulator/Breezy.build/DerivedSources/GeneratedAssetSymbols.swift (in target 'Breezy' from project 'Breezy')
    cd /Users/olimebberson/Documents/Miscellaneous/iPhone\ Apps/Breezy
    

SwiftDriverJobDiscovery normal arm64 Compiling GeneratedAssetSymbols.swift (in target 'Breezy' from project 'Breezy')

SwiftDriverJobDiscovery normal arm64 Compiling SunPathView.swift (in target 'Breezy' from project 'Breezy')

SwiftCompile normal arm64 Compiling\ ContentView.swift /Users/olimebberson/Documents/Miscellaneous/iPhone\ Apps/Breezy/Breezy/Views/ContentView.swift (in target 'Breezy' from project 'Breezy')
SwiftCompile normal arm64 /Users/olimebberson/Documents/Miscellaneous/iPhone\ Apps/Breezy/Breezy/Views/ContentView.swift (in target 'Breezy' from project 'Breezy')
    cd /Users/olimebberson/Documents/Miscellaneous/iPhone\ Apps/Breezy
    
/Users/olimebberson/Documents/Miscellaneous/iPhone Apps/Breezy/Breezy/Views/ContentView.swift:455:44: error: missing argument for parameter 'isCurrentDay' in call
                        currentTime: Date(),
                                           ^
                                           , isCurrentDay: <#Bool#>
/Users/olimebberson/Documents/Miscellaneous/iPhone Apps/Breezy/Breezy/Views/Charts/SunPathView.swift:19:8: note: 'init(sunrise:sunset:currentTime:isCurrentDay:textColor:)' declared here
struct SunPathView: View {
       ^

Failed frontend command:
/Applications/Xcode.app/Contents/Developer/Toolchains/XcodeDefault.xctoolchain/usr/bin/swift-frontend -frontend -c /Users/olimebberson/Documents/Miscellaneous/iPhone\ Apps/Breezy/Breezy/Models/AppSettings.swift /Users/olimebberson/Documents/Miscellaneous/iPhone\ Apps/Breezy/Breezy/Models/DailyForecast.swift /Users/olimebberson/Documents/Miscellaneous/iPhone\ Apps/Breezy/Breezy/Models/HistoricalModels.swift /Users/olimebberson/Documents/Miscellaneous/iPhone\ Apps/Breezy/Breezy/Models/HourlyForecast.swift /Users/olimebberson/Documents/Miscellaneous/iPhone\ Apps/Breezy/Breezy/Models/LocationData.swift /Users/olimebberson/Documents/Miscellaneous/iPhone\ Apps/Breezy/Breezy/Models/NotificationSettings.swift /Users/olimebberson/Documents/Miscellaneous/iPhone\ Apps/Breezy/Breezy/Models/WeatherInfo.swift /Users/olimebberson/Documents/Miscellaneous/iPhone\ Apps/Breezy/Breezy/Models/WeatherMetrics.swift /Users/olimebberson/Documents/Miscellaneous/iPhone\ Apps/Breezy/Breezy/Models/WeatherSection.swift /Users/olimebberson/Documents/Miscellaneous/iPhone\ Apps/Breezy/Breezy/Models/WidgetConfiguration.swift /Users/olimebberson/Documents/Miscellaneous/iPhone\ Apps/Breezy/Breezy/Models/WidgetWeatherData.swift /Users/olimebberson/Documents/Miscellaneous/iPhone\ Apps/Breezy/Breezy/Services/BackgroundTaskManager.swift /Users/olimebberson/Documents/Miscellaneous/iPhone\ Apps/Breezy/Breezy/Services/LocationHelper.swift /Users/olimebberson/Documents/Miscellaneous/iPhone\ Apps/Breezy/Breezy/Services/LocationSearchService.swift /Users/olimebberson/Documents/Miscellaneous/iPhone\ Apps/Breezy/Breezy/Services/NotificationManager.swift /Users/olimebberson/Documents/Miscellaneous/iPhone\ Apps/Breezy/Breezy/Services/RadarService.swift /Users/olimebberson/Documents/Miscellaneous/iPhone\ Apps/Breezy/Breezy/Stores/FavouritesStore.swift /Users/olimebberson/Documents/Miscellaneous/iPhone\ Apps/Breezy/Breezy/Stores/RecentlyViewedStore.swift /Users/olimebberson/Documents/Miscellaneous/iPhone\ Apps/Breezy/Breezy/Stores/WeatherCache.swift /Users/olimebberson/Documents/Miscellaneous/iPhone\ Apps/Breezy/Breezy/Stores/WidgetConfigStore.swift /Users/olimebberson/Documents/Miscellaneous/iPhone\ Apps/Breezy/Breezy/Stores/WidgetDataStore.swift /Users/olimebberson/Documents/Miscellaneous/iPhone\ Apps/Breezy/Breezy/Utilities/AirQualityHelper.swift /Users/olimebberson/Documents/Miscellaneous/iPhone\ Apps/Breezy/Breezy/Utilities/CityDatabase.swift /Users/olimebberson/Documents/Miscellaneous/iPhone\ Apps/Breezy/Breezy/Utilities/CloudStorage.swift /Users/olimebberson/Documents/Miscellaneous/iPhone\ Apps/Breezy/Breezy/Utilities/Color+Persistence.swift /Users/olimebberson/Documents/Miscellaneous/iPhone\ Apps/Breezy/Breezy/Utilities/DateFormatterHelper.swift /Users/olimebberson/Documents/Miscellaneous/iPhone\ Apps/Breezy/Breezy/Utilities/DesignSystem.swift /Users/olimebberson/Documents/Miscellaneous/iPhone\ Apps/Breezy/Breezy/Utilities/HapticsManager.swift /Users/olimebberson/Documents/Miscellaneous/iPhone\ Apps/Breezy/Breezy/Utilities/IconManager.swift /Users/olimebberson/Documents/Miscellaneous/iPhone\ Apps/Breezy/Breezy/Utilities/MoonPhaseHelper.swift /Users/olimebberson/Documents/Miscellaneous/iPhone\ Apps/Breezy/Breezy/Utilities/UVIndexHelper.swift /Users/olimebberson/Documents/Miscellaneous/iPhone\ Apps/Breezy/Breezy/Utilities/WatchSessionManager.swift /Users/olimebberson/Documents/Miscellaneous/iPhone\ Apps/Breezy/Breezy/Utilities/WeatherConditionConverter.swift /Users/olimebberson/Documents/Miscellaneous/iPhone\ Apps/Breezy/Breezy/Utilities/WeatherIconHelper.swift /Users/olimebberson/Documents/Miscellaneous/iPhone\ Apps/Breezy/Breezy/Utilities/WeatherTheme.swift /Users/olimebberson/Documents/Miscellaneous/iPhone\ Apps/Breezy/Breezy/Utilities/WindDirectionHelper.swift /Users/olimebberson/Documents/Miscellaneous/iPhone\ Apps/Breezy/Breezy/ViewModels/WeatherViewModel.swift /Users/olimebberson/Documents/Miscellaneous/iPhone\ Apps/Breezy/Breezy/Views/Charts/MoonVisualizer.swift /Users/olimebberson/Documents/Miscellaneous/iPhone\ Apps/Breezy/Breezy/Views/Charts/SunPathView.swift /Users/olimebberson/Documents/Miscellaneous/iPhone\ Apps/Breezy/Breezy/Views/Charts/UVIndexCurveView.swift /Users/olimebberson/Documents/Miscellaneous/iPhone\ Apps/Breezy/Breezy/Views/Charts/WindRoseView.swift /Users/olimebberson/Documents/Miscellaneous/iPhone\ Apps/Breezy/Breezy/Views/Components/EmptyStateView.swift /Users/olimebberson/Documents/Miscellaneous/iPhone\ Apps/Breezy/Breezy/Views/Components/FeelsLikeWidget.swift /Users/olimebberson/Documents/Miscellaneous/iPhone\ Apps/Breezy/Breezy/Views/Components/UVIndexWidget.swift /Users/olimebberson/Documents/Miscellaneous/iPhone\ Apps/Breezy/Breezy/Views/WidgetBuilder/StudioComponents.swift /Users/olimebberson/Documents/Miscellaneous/iPhone\ Apps/Breezy/Breezy/Views/WidgetBuilder/WidgetBuilderView.swift /Users/olimebberson/Documents/Miscellaneous/iPhone\ Apps/Breezy/Breezy/Views/WidgetBuilder/WidgetPreviewView.swift /Users/olimebberson/Documents/Miscellaneous/iPhone\ Apps/Breezy/Breezy/Views/AnimatedWeatherIcon.swift -primary-file /Users/olimebberson/Documents/Miscellaneous/iPhone\ Apps/Breezy/Breezy/Views/ContentView.swift /Users/olimebberson/Documents/Miscellaneous/iPhone\ Apps/Breezy/Breezy/Views/CustomThemeBuilderView.swift /Users/olimebberson/Documents/Miscellaneous/iPhone\ Apps/Breezy/Breezy/Views/DailyForecastDetailView.swift /Users/olimebberson/Documents/Miscellaneous/iPhone\ Apps/Breezy/Breezy/Views/FloatingParticles.swift /Users/olimebberson/Documents/Miscellaneous/iPhone\ Apps/Breezy/Breezy/Views/FullScreenRadarView.swift /Users/olimebberson/Documents/Miscellaneous/iPhone\ Apps/Breezy/Breezy/Views/IconGalleryView.swift /Users/olimebberson/Documents/Miscellaneous/iPhone\ Apps/Breezy/Breezy/Views/LoadingSkeletonView.swift /Users/olimebberson/Documents/Miscellaneous/iPhone\ Apps/Breezy/Breezy/Views/LocationPickerView.swift /Users/olimebberson/Documents/Miscellaneous/iPhone\ Apps/Breezy/Breezy/Views/OnboardingView.swift /Users/olimebberson/Documents/Miscellaneous/iPhone\ Apps/Breezy/Breezy/Views/QuickStatPill.swift /Users/olimebberson/Documents/Miscellaneous/iPhone\ Apps/Breezy/Breezy/Views/RadarCardView.swift /Users/olimebberson/Documents/Miscellaneous/iPhone\ Apps/Breezy/Breezy/Views/RadarLayerMenuView.swift /Users/olimebberson/Documents/Miscellaneous/iPhone\ Apps/Breezy/Breezy/Views/RadarLegendView.swift /Users/olimebberson/Documents/Miscellaneous/iPhone\ Apps/Breezy/Breezy/Views/RadarTimelineView.swift /Users/olimebberson/Documents/Miscellaneous/iPhone\ Apps/Breezy/Breezy/Views/SettingsView.swift /Users/olimebberson/Documents/Miscellaneous/iPhone\ Apps/Breezy/Breezy/Views/ThemeGalleryView.swift /Users/olimebberson/Documents/Miscellaneous/iPhone\ Apps/Breezy/Breezy/Views/TimeMachineView.swift /Users/olimebberson/Documents/Miscellaneous/iPhone\ Apps/Breezy/Breezy/Views/WeatherIcon3D.swift /Users/olimebberson/Documents/Miscellaneous/iPhone\ Apps/Breezy/Breezy/Views/WeatherMetricsView.swift /Users/olimebberson/Documents/Miscellaneous/iPhone\ Apps/Breezy/Breezy/BreezyApp.swift /Users/olimebberson/Documents/Miscellaneous/iPhone\ Apps/Breezy/Breezy/Item.swift /Users/olimebberson/Library/Developer/Xcode/DerivedData/Breezy-aonmjwctbybugpfmgtluemzzlkma/Build/Intermediates.noindex/Breezy.build/Debug-iphonesimulator/Breezy.build/DerivedSources/GeneratedAssetSymbols.swift -emit-dependencies-path /Users/olimebberson/Library/Developer/Xcode/DerivedData/Breezy-aonmjwctbybugpfmgtluemzzlkma/Build/Intermediates.noindex/Breezy.build/Debug-iphonesimulator/Breezy.build/Objects-normal/arm64/ContentView.d -emit-const-values-path /Users/olimebberson/Library/Developer/Xcode/DerivedData/Breezy-aonmjwctbybugpfmgtluemzzlkma/Build/Intermediates.noindex/Breezy.build/Debug-iphonesimulator/Breezy.build/Objects-normal/arm64/ContentView.swiftconstvalues -emit-reference-dependencies-path /Users/olimebberson/Library/Developer/Xcode/DerivedData/Breezy-aonmjwctbybugpfmgtluemzzlkma/Build/Intermediates.noindex/Breezy.build/Debug-iphonesimulator/Breezy.build/Objects-normal/arm64/ContentView.swiftdeps -serialize-diagnostics-path /Users/olimebberson/Library/Developer/Xcode/DerivedData/Breezy-aonmjwctbybugpfmgtluemzzlkma/Build/Intermediates.noindex/Breezy.build/Debug-iphonesimulator/Breezy.build/Objects-normal/arm64/ContentView.dia -emit-localized-strings -emit-localized-strings-path /Users/olimebberson/Library/Developer/Xcode/DerivedData/Breezy-aonmjwctbybugpfmgtluemzzlkma/Build/Intermediates.noindex/Breezy.build/Debug-iphonesimulator/Breezy.build/Objects-normal/arm64 -target arm64-apple-ios17.0-simulator -module-can-import-version DeveloperToolsSupport 23.0.4 23.0.4 -module-can-import-version SwiftUI 7.2.5.1 7.2.5 -module-can-import-version UIKit 9126.2.4.1 9126.2.4 -disable-cross-import-overlay-search -swift-module-cross-import MapKit /Applications/Xcode.app/Contents/Developer/Platforms/iPhoneSimulator.platform/Developer/SDKs/iPhoneSimulator.sdk/System/Library/Frameworks/MapKit.framework/Modules/MapKit.swiftcrossimport/SwiftUI.swiftoverlay -swift-module-cross-import SwiftData /Applications/Xcode.app/Contents/Developer/Platforms/iPhoneSimulator.platform/Developer/SDKs/iPhoneSimulator26.2.sdk/System/Library/Frameworks/SwiftData.framework/Modules/SwiftData.swiftcrossimport/CoreData.swiftoverlay -swift-module-cross-import SwiftData /Applications/Xcode.app/Contents/Developer/Platforms/iPhoneSimulator.platform/Developer/SDKs/iPhoneSimulator26.2.sdk/System/Library/Frameworks/SwiftData.framework/Modules/SwiftData.swiftcrossimport/SwiftUI.swiftoverlay -load-resolved-plugin /Applications/Xcode.app/Contents/Developer/Platforms/iPhoneOS.platform/Developer/usr/lib/swift/host/plugins/libAppIntentsMacros.dylib\#/Applications/Xcode.app/Contents/Developer/Platforms/iPhoneOS.platform/Developer/usr/bin/swift-plugin-server\#AppIntentsMacros -load-resolved-plugin /Applications/Xcode.app/Contents/Developer/Platforms/iPhoneOS.platform/Developer/usr/lib/swift/host/plugins/libFoundationMacros.dylib\#/Applications/Xcode.app/Contents/Developer/Platforms/iPhoneOS.platform/Developer/usr/bin/swift-plugin-server\#FoundationMacros -load-resolved-plugin /Applications/Xcode.app/Contents/Developer/Platforms/iPhoneOS.platform/Developer/usr/lib/swift/host/plugins/libObservationMacros.dylib\#/Applications/Xcode.app/Contents/Developer/Platforms/iPhoneOS.platform/Developer/usr/bin/swift-plugin-server\#ObservationMacros -load-resolved-plugin /Applications/Xcode.app/Contents/Developer/Platforms/iPhoneOS.platform/Developer/usr/lib/swift/host/plugins/libPreviewsMacros.dylib\#/Applications/Xcode.app/Contents/Developer/Platforms/iPhoneOS.platform/Developer/usr/bin/swift-plugin-server\#PreviewsMacros -load-resolved-plugin /Applications/Xcode.app/Contents/Developer/Platforms/iPhoneOS.platform/Developer/usr/lib/swift/host/plugins/libSwiftDataMacros.dylib\#/Applications/Xcode.app/Contents/Developer/Platforms/iPhoneOS.platform/Developer/usr/bin/swift-plugin-server\#SwiftDataMacros -load-resolved-plugin /Applications/Xcode.app/Contents/Developer/Platforms/iPhoneOS.platform/Developer/usr/lib/swift/host/plugins/libSwiftMacros.dylib\#/Applications/Xcode.app/Contents/Developer/Platforms/iPhoneOS.platform/Developer/usr/bin/swift-plugin-server\#SwiftMacros -load-resolved-plugin /Applications/Xcode.app/Contents/Developer/Platforms/iPhoneOS.platform/Developer/usr/lib/swift/host/plugins/libSwiftUIMacros.dylib\#/Applications/Xcode.app/Contents/Developer/Platforms/iPhoneOS.platform/Developer/usr/bin/swift-plugin-server\#SwiftUIMacros -disable-implicit-swift-modules -Xcc -fno-implicit-modules -Xcc -fno-implicit-module-maps -explicit-swift-module-map-file /Users/olimebberson/Library/Developer/Xcode/DerivedData/Breezy-aonmjwctbybugpfmgtluemzzlkma/Build/Intermediates.noindex/Breezy.build/Debug-iphonesimulator/Breezy.build/Objects-normal/arm64/Breezy-dependencies-1.json -Xllvm -aarch64-use-tbi -enable-objc-interop -sdk /Applications/Xcode.app/Contents/Developer/Platforms/iPhoneSimulator.platform/Developer/SDKs/iPhoneSimulator26.2.sdk -I /Users/olimebberson/Library/Developer/Xcode/DerivedData/Breezy-aonmjwctbybugpfmgtluemzzlkma/Build/Products/Debug-iphonesimulator -F /Users/olimebberson/Library/Developer/Xcode/DerivedData/Breezy-aonmjwctbybugpfmgtluemzzlkma/Build/Products/Debug-iphonesimulator -no-color-diagnostics -Xcc -fno-color-diagnostics -enable-testing -g -debug-info-format\=dwarf -dwarf-version\=4 -module-cache-path /Users/olimebberson/Library/Developer/Xcode/DerivedData/Breezy-aonmjwctbybugpfmgtluemzzlkma/Build/Intermediates.noindex/SwiftExplicitPrecompiledModules -swift-version 5 -enforce-exclusivity\=checked -Onone -D DEBUG -serialize-debugging-options -const-gather-protocols-file /Users/olimebberson/Library/Developer/Xcode/DerivedData/Breezy-aonmjwctbybugpfmgtluemzzlkma/Build/Intermediates.noindex/Breezy.build/Debug-iphonesimulator/Breezy.build/Objects-normal/arm64/Breezy_const_extract_protocols.json -enable-upcoming-feature DisableOutwardActorInference -enable-upcoming-feature InferSendableFromCaptures -enable-upcoming-feature GlobalActorIsolatedTypesUsability -enable-upcoming-feature MemberImportVisibility -enable-upcoming-feature InferIsolatedConformances -enable-upcoming-feature NonisolatedNonsendingByDefault -enable-experimental-feature DebugDescriptionMacro -enable-bare-slash-regex -default-isolation\=MainActor -empty-abi-descriptor -validate-clang-modules-once -clang-build-session-file /Users/olimebberson/Library/Developer/Xcode/DerivedData/ModuleCache.noindex/Session.modulevalidation -Xcc -working-directory -Xcc /Users/olimebberson/Documents/Miscellaneous/iPhone\ Apps/Breezy -enable-anonymous-context-mangled-names -file-compilation-dir /Users/olimebberson/Documents/Miscellaneous/iPhone\ Apps/Breezy -Xcc -D_LIBCPP_HARDENING_MODE\=_LIBCPP_HARDENING_MODE_DEBUG -Xcc -ivfsstatcache -Xcc /Users/olimebberson/Library/Developer/Xcode/DerivedData/SDKStatCaches.noindex/iphonesimulator26.2-23C53-7d00a8b37fbd7999ea79df8ebc024bf0.sdkstatcache -Xcc -I/Users/olimebberson/Library/Developer/Xcode/DerivedData/Breezy-aonmjwctbybugpfmgtluemzzlkma/Build/Intermediates.noindex/Breezy.build/Debug-iphonesimulator/Breezy.build/swift-overrides.hmap -Xcc -iquote -Xcc /Users/olimebberson/Library/Developer/Xcode/DerivedData/Breezy-aonmjwctbybugpfmgtluemzzlkma/Build/Intermediates.noindex/Breezy.build/Debug-iphonesimulator/Breezy.build/Breezy-generated-files.hmap -Xcc -I/Users/olimebberson/Library/Developer/Xcode/DerivedData/Breezy-aonmjwctbybugpfmgtluemzzlkma/Build/Intermediates.noindex/Breezy.build/Debug-iphonesimulator/Breezy.build/Breezy-own-target-headers.hmap -Xcc -I/Users/olimebberson/Library/Developer/Xcode/DerivedData/Breezy-aonmjwctbybugpfmgtluemzzlkma/Build/Intermediates.noindex/Breezy.build/Debug-iphonesimulator/Breezy.build/Breezy-all-target-headers.hmap -Xcc -iquote -Xcc /Users/olimebberson/Library/Developer/Xcode/DerivedData/Breezy-aonmjwctbybugpfmgtluemzzlkma/Build/Intermediates.noindex/Breezy.build/Debug-iphonesimulator/Breezy.build/Breezy-project-headers.hmap -Xcc -I/Users/olimebberson/Library/Developer/Xcode/DerivedData/Breezy-aonmjwctbybugpfmgtluemzzlkma/Build/Products/Debug-iphonesimulator/include -Xcc -I/Users/olimebberson/Library/Developer/Xcode/DerivedData/Breezy-aonmjwctbybugpfmgtluemzzlkma/Build/Intermediates.noindex/Breezy.build/Debug-iphonesimulator/Breezy.build/DerivedSources-normal/arm64 -Xcc -I/Users/olimebberson/Library/Developer/Xcode/DerivedData/Breezy-aonmjwctbybugpfmgtluemzzlkma/Build/Intermediates.noindex/Breezy.build/Debug-iphonesimulator/Breezy.build/DerivedSources/arm64 -Xcc -I/Users/olimebberson/Library/Developer/Xcode/DerivedData/Breezy-aonmjwctbybugpfmgtluemzzlkma/Build/Intermediates.noindex/Breezy.build/Debug-iphonesimulator/Breezy.build/DerivedSources -Xcc -DDEBUG\=1 -no-auto-bridging-header-chaining -module-name Breezy -frontend-parseable-output -disable-clang-spi -target-sdk-version 26.2 -target-sdk-name iphonesimulator26.2 -clang-target arm64-apple-ios26.2-simulator -in-process-plugin-server-path /Applications/Xcode.app/Contents/Developer/Toolchains/XcodeDefault.xctoolchain/usr/lib/swift/host/libSwiftInProcPluginServer.dylib -o /Users/olimebberson/Library/Developer/Xcode/DerivedData/Breezy-aonmjwctbybugpfmgtluemzzlkma/Build/Intermediates.noindex/Breezy.build/Debug-iphonesimulator/Breezy.build/Objects-normal/arm64/ContentView.o -index-unit-output-path /Breezy.build/Debug-iphonesimulator/Breezy.build/Objects-normal/arm64/ContentView.o -index-store-path /Users/olimebberson/Library/Developer/Xcode/DerivedData/Breezy-aonmjwctbybugpfmgtluemzzlkma/Index.noindex/DataStore -index-system-modules
SwiftDriverJobDiscovery normal arm64 Compiling DailyForecastDetailView.swift (in target 'Breezy' from project 'Breezy')

** BUILD FAILED **


The following build commands failed:
	SwiftCompile normal arm64 /Users/olimebberson/Documents/Miscellaneous/iPhone\ Apps/Breezy/Breezy/Views/ContentView.swift (in target 'Breezy' from project 'Breezy')
	SwiftCompile normal arm64 Compiling\ ContentView.swift /Users/olimebberson/Documents/Miscellaneous/iPhone\ Apps/Breezy/Breezy/Views/ContentView.swift (in target 'Breezy' from project 'Breezy')
	Building project Breezy with scheme Breezy
(3 failures)
